// Jest Snapshot v1, https://goo.gl/fbAQLP

exports[`renders correctly when there are no items 1`] = `
<div
  className="MuiGrid-root MuiGrid-container MuiGrid-direction-xs-column css-l6hioc-MuiGrid-root"
  style={
    Object {
      "minHeight": "100vh",
    }
  }
>
  <p>
    <a
      href="/"
      onClick={[Function]}
    >
      Go to the home page
    </a>
  </p>
  <div
    className="MuiGrid-root MuiGrid-item MuiGrid-grid-xs-3 css-1equabv-MuiGrid-root"
  >
    <p
      className="MuiTypography-root MuiTypography-body1 css-ahj2mt-MuiTypography-root"
    >
      Error...
    </p>
  </div>
</div>
`;
